Traceback (most recent call last):
  File "/home/rob/miniconda3/envs/argosy/lib/python3.11/site-packages/jupyter_cache/executors/utils.py", line 58, in single_nb_execution
    executenb(
  File "/home/rob/miniconda3/envs/argosy/lib/python3.11/site-packages/nbclient/client.py", line 1204, in execute
    return NotebookClient(nb=nb, resources=resources, km=km, **kwargs).execute()
           ^^^^^^^^^^^^^^^^^^^^^^^^^^^^^^^^^^^^^^^^^^^^^^^^^^^^^^^^^^^^^^^^^^^^^
  File "/home/rob/miniconda3/envs/argosy/lib/python3.11/site-packages/nbclient/util.py", line 84, in wrapped
    return just_run(coro(*args, **kwargs))
           ^^^^^^^^^^^^^^^^^^^^^^^^^^^^^^^
  File "/home/rob/miniconda3/envs/argosy/lib/python3.11/site-packages/nbclient/util.py", line 62, in just_run
    return loop.run_until_complete(coro)
           ^^^^^^^^^^^^^^^^^^^^^^^^^^^^^
  File "/home/rob/miniconda3/envs/argosy/lib/python3.11/asyncio/base_events.py", line 653, in run_until_complete
    return future.result()
           ^^^^^^^^^^^^^^^
  File "/home/rob/miniconda3/envs/argosy/lib/python3.11/site-packages/nbclient/client.py", line 663, in async_execute
    await self.async_execute_cell(
  File "/home/rob/miniconda3/envs/argosy/lib/python3.11/site-packages/nbclient/client.py", line 965, in async_execute_cell
    await self._check_raise_for_error(cell, cell_index, exec_reply)
  File "/home/rob/miniconda3/envs/argosy/lib/python3.11/site-packages/nbclient/client.py", line 862, in _check_raise_for_error
    raise CellExecutionError.from_cell_and_msg(cell, exec_reply_content)
nbclient.exceptions.CellExecutionError: An error occurred while executing the following cell:
------------------
# Cell 5: Pre-shard visualization
# Presence-absence time series for all instruments
# Each instrument gets one horizontal bar showing when data exists
%matplotlib inline

import re
import matplotlib.pyplot as plt
import matplotlib.patches as mpatches
from pathlib import Path
from datetime import datetime

SCALAR_DIR = op.ooinet_dir(SITE, channel="scalar")
VECTOR_DIR = op.ooinet_dir(SITE, channel="vector")

# Instrument definitions: (key, label, base_dir, sensors_description)
INSTRUMENTS = [
    ('ctd',  'CTD (T, S, DO, Dens)', SCALAR_DIR),
    ('flor', 'FLOR (Chl-A, CDOM, Bksct)', SCALAR_DIR),
    ('ph',   'pH', SCALAR_DIR),
    ('pco2', 'pCO2', SCALAR_DIR),
    ('nitr', 'Nitrate', SCALAR_DIR),
    ('par',  'PAR', SCALAR_DIR),
    ('vel',  'Velocity (VELPT)', VECTOR_DIR),
    ('irr',  'Spectral Irradiance (SPKIR)', VECTOR_DIR),
    ('oa',   'Optical Absorption (OPTAA)', VECTOR_DIR),
]

TIME_RE = re.compile(r'(\d{8}T\d{6})\.\d+-(\d{8}T\d{6})\.\d+\.nc$')

def get_time_ranges(base_dir, key):
    """Get all (start, end) time ranges for an instrument."""
    ranges = []
    for year in range(2014, 2027):
        folder = base_dir / f"{year}_{key}"
        if not folder.exists():
            continue
        for f in folder.glob("*.nc"):
            if '_cal_' in f.name:
                continue
            m = TIME_RE.search(f.name)
            if m:
                start = datetime.strptime(m.group(1), '%Y%m%dT%H%M%S')
                end = datetime.strptime(m.group(2), '%Y%m%dT%H%M%S')
                ranges.append((start, end))
    return sorted(ranges, key=lambda x: x[0])

def merge_ranges(ranges):
    """Merge overlapping time ranges."""
    if not ranges:
        return []
    merged = [ranges[0]]
    for start, end in ranges[1:]:
        if start <= merged[-1][1]:
            merged[-1] = (merged[-1][0], max(merged[-1][1], end))
        else:
            merged.append((start, end))
    return merged

# Compute ranges for all instruments
all_data = []
for key, label, base_dir in INSTRUMENTS:
    ranges = get_time_ranges(base_dir, key)
    merged = merge_ranges(ranges)
    all_data.append((key, label, merged))

# Determine global time span
all_starts = [r[0] for _, _, ranges in all_data for r in ranges if ranges]
all_ends = [r[1] for _, _, ranges in all_data for r in ranges if ranges]

if all_starts and all_ends:
    global_start = min(all_starts)
    global_end = max(all_ends)
    total_days = (global_end - global_start).days
else:
    print("No data found.")
    total_days = 0

# Print coverage summary
print(f"Global time span: {global_start.strftime('%Y-%m-%d')} to {global_end.strftime('%Y-%m-%d')} ({total_days} days)")
print(f"\n{'Instrument':<32} {'Data-days':>10} {'Coverage':>10}")
print(f"{'----------':<32} {'---------':>10} {'--------':>10}")

for key, label, merged in all_data:
    if merged:
        data_days = sum((e - s).days for s, e in merged)
        pct = data_days / total_days * 100
        print(f"{label:<32} {data_days:>10} {pct:>9.1f}%")
    else:
        print(f"{label:<32} {'0':>10} {'0.0%':>10}")

# Plot
fig, ax = plt.subplots(figsize=(14, 6))

colors = ['#d62728', '#1f77b4', '#2ca02c', '#9467bd', '#ff7f0e',
          '#8c564b', '#e377c2', '#7f7f7f', '#bcbd22', '#17becf']

y_positions = list(range(len(all_data) - 1, -1, -1))  # top to bottom

for idx, (key, label, merged) in enumerate(all_data):
    y = y_positions[idx]
    color = colors[idx % len(colors)]
    for start, end in merged:
        duration = (end - start).days
        ax.barh(y, duration, left=(start - global_start).days,
                height=0.7, color=color, alpha=0.8)

ax.set_yticks(y_positions)
ax.set_yticklabels([label for _, label, _ in all_data])
ax.set_xlabel('Days since start')
ax.set_title(f'Source Data Availability: Oregon Slope Base Shallow Profiler\n'
             f'{global_start.strftime("%Y-%m-%d")} to {global_end.strftime("%Y-%m-%d")}')
ax.set_xlim(0, total_days)
ax.grid(True, alpha=0.3, axis='x')

# Add year markers
for year in range(global_start.year, global_end.year + 1):
    day_offset = (datetime(year, 1, 1) - global_start).days
    if 0 < day_offset < total_days:
        ax.axvline(x=day_offset, color='gray', linestyle='--', alpha=0.4, linewidth=0.5)
        ax.text(day_offset, len(all_data) - 0.3, str(year), fontsize=8, ha='center', color='gray')

plt.tight_layout()
plot_path = op.visualizations_dir(SITE) / "pre_shard_data_availability.png"
plt.savefig(plot_path, dpi=150, bbox_inches='tight')
print(f"\nPlot saved to {plot_path}")
plt.show()

------------------

[0;31m---------------------------------------------------------------------------[0m
[0;31mNameError[0m                                 Traceback (most recent call last)
Cell [0;32mIn[6], line 79[0m
[1;32m     76[0m     total_days [38;5;241m=[39m [38;5;241m0[39m
[1;32m     78[0m [38;5;66;03m# Print coverage summary[39;00m
[0;32m---> 79[0m [38;5;28mprint[39m([38;5;124mf[39m[38;5;124m"[39m[38;5;124mGlobal time span: [39m[38;5;132;01m{[39;00mglobal_start[38;5;241m.[39mstrftime([38;5;124m'[39m[38;5;124m%[39m[38;5;124mY-[39m[38;5;124m%[39m[38;5;124mm-[39m[38;5;132;01m%d[39;00m[38;5;124m'[39m)[38;5;132;01m}[39;00m[38;5;124m to [39m[38;5;132;01m{[39;00mglobal_end[38;5;241m.[39mstrftime([38;5;124m'[39m[38;5;124m%[39m[38;5;124mY-[39m[38;5;124m%[39m[38;5;124mm-[39m[38;5;132;01m%d[39;00m[38;5;124m'[39m)[38;5;132;01m}[39;00m[38;5;124m ([39m[38;5;132;01m{[39;00mtotal_days[38;5;132;01m}[39;00m[38;5;124m days)[39m[38;5;124m"[39m)
[1;32m     80[0m [38;5;28mprint[39m([38;5;124mf[39m[38;5;124m"[39m[38;5;130;01m\n[39;00m[38;5;132;01m{[39;00m[38;5;124m'[39m[38;5;124mInstrument[39m[38;5;124m'[39m[38;5;132;01m:[39;00m[38;5;124m<32[39m[38;5;132;01m}[39;00m[38;5;124m [39m[38;5;132;01m{[39;00m[38;5;124m'[39m[38;5;124mData-days[39m[38;5;124m'[39m[38;5;132;01m:[39;00m[38;5;124m>10[39m[38;5;132;01m}[39;00m[38;5;124m [39m[38;5;132;01m{[39;00m[38;5;124m'[39m[38;5;124mCoverage[39m[38;5;124m'[39m[38;5;132;01m:[39;00m[38;5;124m>10[39m[38;5;132;01m}[39;00m[38;5;124m"[39m)
[1;32m     81[0m [38;5;28mprint[39m([38;5;124mf[39m[38;5;124m"[39m[38;5;132;01m{[39;00m[38;5;124m'[39m[38;5;124m----------[39m[38;5;124m'[39m[38;5;132;01m:[39;00m[38;5;124m<32[39m[38;5;132;01m}[39;00m[38;5;124m [39m[38;5;132;01m{[39;00m[38;5;124m'[39m[38;5;124m---------[39m[38;5;124m'[39m[38;5;132;01m:[39;00m[38;5;124m>10[39m[38;5;132;01m}[39;00m[38;5;124m [39m[38;5;132;01m{[39;00m[38;5;124m'[39m[38;5;124m--------[39m[38;5;124m'[39m[38;5;132;01m:[39;00m[38;5;124m>10[39m[38;5;132;01m}[39;00m[38;5;124m"[39m)

[0;31mNameError[0m: name 'global_start' is not defined
NameError: name 'global_start' is not defined

